
Type HELP for a list of options
Press <CTRL + D> to Quit

> List 0: one

> Nested 1: {List 0} -> 1 -> two

> INVALID COMMAND: VIEW-NESTED

> INVALID COMMAND: VIEW-NESTED

> INVALID COMMAND: VIEW-NESTED

> INVALID COMMAND: VIEW-NESTED

> INVALID COMMAND: VIEW-NESTED

> INVALID COMMAND: VIEW-NESTED

> INVALID COMMAND: VIEW-NESTED

> INVALID COMMAND: VIEW-NESTED

> INVALID COMMAND: VIEW-NESTED

> INVALID COMMAND: VIEW-NESTED

> INVALID COMMAND: VIEW-NESTED

> INVALID COMMAND: VIEW-NESTED

> INVALID COMMAND: VIEW-NESTED

> INVALID COMMAND: VIEW-NESTED

> INVALID COMMAND: VIEW-NESTED

> INVALID COMMAND: VIEW-NESTED

> {one} -> 1 -> two

> {one} -> 1 -> two

> INVALID COMMAND: VIEW-NESTED

> INVALID COMMAND: VIEW-NESTED

> INVALID COMMAND: INPUT

> INVALID COMMAND: INPUT

> INVALID COMMAND: INPUT

> INVALID COMMAND: INPUT

> INVALID COMMAND: INPUT

> INVALID COMMAND: INPUT

> INVALID COMMAND: VIEW

> INVALID COMMAND: INPUT

> INVALID COMMAND: VIEW

> INVALID COMMAND: INPUT

> INVALID COMMAND: INPUT

> INVALID COMMAND: INPUT

> INVALID COMMAND: INPUT

> INVALID COMMAND: INPUT

> INVALID COMMAND: INPUT

> INVALID COMMAND: INPUT

> 
