
Type HELP for a list of options
Press <CTRL + D> to Quit

> List 0: 

> List 1: 1

> List 2: 1 -> 2.20

> List 3: @ -> one -> two

> Nested 4: {List 0} -> 1 -> 2

> {List 0} -> 1 -> 2

> reference -> int -> int

> Nested 5: {List 0} -> 1 -> {List 2}

> {List 0} -> 1 -> {List 2}

> reference -> int -> reference

> Nested 6: {List 0} -> {List 1} -> {List 2}

> {List 0} -> {List 1} -> {List 2}

> reference -> reference -> reference

> Nested 7: {List 0} -> 2000000.00 -> {List 1} -> hmm -> {List 2} -> #

> {List 0} -> 2000000.00 -> {List 1} -> hmm -> {List 2} -> #

> reference -> float -> reference -> string -> reference -> char

> 
