
Type HELP for a list of options
Press <CTRL + D> to Quit

> INVALID COMMAND: NEW

> INVALID COMMAND: NEW

> INVALID COMMAND: NEW

> INVALID COMMAND: NEW

> INVALID COMMAND: NEW

> INVALID COMMAND: NEW

> INVALID COMMAND: NEW

> INVALID COMMAND: NEW

> INVALID COMMAND: NEW

> INVALID COMMAND: NEW

> INVALID COMMAND: NEW

> Number of lists: 0

> 
