
Type HELP for a list of options
Press <CTRL + D> to Quit

> List 0: 1

> INVALID COMMAND: DELETE

> INVALID COMMAND: DELETE

> INVALID COMMAND: DELETE

> INVALID COMMAND: DELETE

> INVALID COMMAND: DELETE

> INVALID COMMAND: DELETE

> INVALID COMMAND: DELETE

> INVALID COMMAND: DELETE

> INVALID COMMAND: DELETE

> INVALID COMMAND: DELETE

> INVALID COMMAND: DELETE

> INVALID COMMAND: DELETE

> INVALID COMMAND: DELETE

> INVALID COMMAND: DELETE

> INVALID COMMAND: DELETE

> INVALID COMMAND: DELETE

> INVALID COMMAND: DELETE

> INVALID COMMAND: DELETE

> INVALID COMMAND: DELETE

> INVALID COMMAND: DELETE

> INVALID COMMAND: DELETE

> INVALID COMMAND: DELETE

> INVALID COMMAND: DELETE

> INVALID COMMAND: DELETE

> INVALID COMMAND: DELETE

> INVALID COMMAND: DELETE

> INVALID COMMAND: DELETE

> INVALID COMMAND: DELETE

> INVALID COMMAND: DELETE

> INVALID COMMAND: DELETE

> INVALID COMMAND: DELETE

> INVALID COMMAND: DELETE

> INVALID COMMAND: INPUT

> INVALID COMMAND: INPUT

> INVALID COMMAND: INPUT

> INVALID COMMAND: INPUT

> INVALID COMMAND: INPUT

> INVALID COMMAND: INPUT

> INVALID COMMAND: INPUT

> INVALID COMMAND: INPUT

> INVALID COMMAND: INPUT

> INVALID COMMAND: INPUT

> INVALID COMMAND: INPUT

> INVALID COMMAND: INPUT

> INVALID COMMAND: INPUT

> 
